[    0.000000] Initializing cgroup subsys cpuset
[    0.000000] Initializing cgroup subsys cpu
[    0.000000] Initializing cgroup subsys cpuacct
[    0.000000] Linux version 4.4.0-184-generic (buildd@lgw01-amd64-060) (gcc version 5.4.0 20160609 (Ubuntu 5.4.0-6ubuntu1~16.04.12) ) #214-Ubuntu SMP Thu Jun 4 10:14:11 UTC 2020 (Ubuntu 4.4.0-184.214-generic 4.4.223)
[    0.000000] Command line: BOOT_IMAGE=/boot/vmlinuz-4.4.0-184-generic root=LABEL=cloudimg-rootfs ro console=tty1 console=ttyS0
[    0.000000] KERNEL supported cpus:
[    0.000000]   Intel GenuineIntel
[    0.000000]   AMD AuthenticAMD
[    0.000000]   Centaur CentaurHauls
[    0.000000] x86/fpu: xstate_offset[2]:  576, xstate_sizes[2]:  256
[    0.000000] x86/fpu: Supporting XSAVE feature 0x01: 'x87 floating point registers'
[    0.000000] x86/fpu: Supporting XSAVE feature 0x02: 'SSE registers'
[   0.000000] x86/fpu: Supporting XSAVE feature 0x04: 'AVX registers'
[    0.000000] x86/fpu: Enabled xstate features 0x7, context size is 832 bytes, sing 'standard' format.
[   0.000000] e820: BIOS-provided physical RAM map:
[    0.000000] BIOS-e820: [mem 0x0000000000000000-0x000000000009fbff] usable
[    0.000000] BIOS-e820: [mem 0x000000000009fc00-0x000000000009ffff] reserved
[    0.000000] BIOS-e820: [mem 0x00000000000f0000-0x00000000000fffff] reserved
[   0.000000] BIOS-e820: [mem 0x0000000000100000-0x000000003ffeffff] usable
[   0.000000] BIOS-e820: [mem 0x000000003fff0000-0x000000003fffffff] ACPI data
[    0.000000] BIOS-e820: [mem 0x00000000fec00000-0x00000000fec00fff] reserved
[    0.000000] BIOS-e820: [mem 0x00000000fee00000-0x0000000fee00fff] reserved
[    0.000000] BIOS-e820: [mem 0x00000000fffc0000-0x00000000ffffffff] reserved
[    0.000000] NX (Execute Disable) protection: active
[    0.000000] SMBIOS 2.5 present.
[    0.000000] Hypervisor detected: KVM
[    0.000000] e820: last_pfn = 0x3fff0 max_arch_pfn = 0x400000000
[   0.000000] MTRR: Disabled
[    0.000000] x86/PAT: MTRRs disabled, skipping PAT initialization too.
[    0.000000] CPU MTRRs all blank - virtualized system.
[    0.000000] x86/PAT: Configuration [0-7]: WB  WT  UC- UC  WB  WT  UC- UC  
[    0.000000] found SMP MP-table at [mem 0x0009fff0-0x0009ffff] mapped at [ffff88000009fff0]
[    0.000000] Scanning 1 areas for low memory corruption
[    0.000000] RAMDISK: [mem 0x362de000-0x37166fff]
[    0.000000] ACPI: Early table checksum verification disabled
[    0.000000] ACPI: RSDP 0x00000000000E0000 000024 (v02 VBOX  )
[    0.000000] ACPI: XSDT 0x000000003FFF0030 00003C (v01 VBOX   VBOXXSDT 00000001 ASL  00000061)
[    0.000000] ACPI: FACP 0x000000003FFF00F0 0000F4 (v04 VBOX   VBOXFACP 00000001 ASL  00000061)
[    0.000000] ACPI: DSDT 0x000000003FFF0470 0021FF (v02 VBOX   VBOXBIOS 00000002 INTL 20100528)
[    0.000000] ACPI FACS  0x000000003FFF0200 000040
[    0.000000] ACPI: FACS 0x000000003FFF0200 000040
[   0.000000] ACPI: APIC 0x000000003FFF0240 00005C (v02 VBOX   VBOXAPIC 00000001 ASL  00000061)
[    0.000000] ACPI: SSDT 0x000000003FFF02A0 0001CC (v01 VBOX   VBOXCPUT 00000002 INTL 20100528)
[    0.000000] No NUMA configuration found
[   0.000000] Faking a node at [mem 0x0000000000000000-0x000000003ffeffff]
[    0.000000] NODE_DATA(0) allocated [mem 0x3ffeb000-0x3ffeffff]
[    0.000000] kvm-clock: Using msrs 4b564d01 and 4b564d00
[    0.000000] kvm-clock: cpu 0, msr 0:3ffe3001, primary cpu clock
[    0.000000] kvm-clock: using sched offset of 8047738917 cycles
[    0.000000] clocksource: kvm-clock: mask: 0xffffffffffffffff max_cycles: 0x1cd42e4dffb, max_idle_ns: 881590591483 ns
[   0.000000] Zone ranges:
[    0.000000]   DMA      [mem 0x0000000000001000-0x0000000000ffffff]
[    0.000000]   DMA32    [mem 0x0000000001000000-0x000000003ffeffff]
[    0.000000]   Normal   empty
[    0.000000]   Device   empty
[    0.000000] Movable zone start for each node
[    0.000000] Early memory node ranges
[    0.000000]   node   0: [mem 0x0000000000001000-0x000000000009efff]
[    0.000000]   node   0: [mem x0000000000100000-0x000000003ffeffff]
[    0.000000] Initmem setup node 0 [mem 0x0000000000001000-0x000000003ffeffff]
[    0.000000] ACPI: PM-Timer IO Port: 0x4008
[    0.000000] IOAPIC[0]: apic_id 2, version 32, address 0xfec00000, GSI 0-23
[   0.000000] ACPI: INT_SRC_OVR (bus 0 bus_irq 0 global_irq 2 dfl dfl)
[    0.000000] ACPI: INT_SRC_OVR (bus 0 bus_irq 9 global_irq 9 low level)
[    0.000000] Using ACPI (MADT) for SMP configuration information
[    0.000000] smpboot: Allowing 2 CPUs, 0 hotplug CPUs
[   0.000000] PM: Registered nosave memory: [mem 0x00000000-0x00000fff]
[    0.000000] PM: Registered nosave memory: [mem 0x0009f000-0x0009ffff]
[    0.000000] PM: Registered nosave memory: [mem 0x000a0000-0x000effff]
[    0.000000] PM: Registered nosave memory: [mem 0x000f0000-0x000fffff]
[    0.000000] e820: [mem 0x40000000-0xfebfffff] available for PCI devices
[    0.000000] Booting paravirtualized kernel on KVM
[    0.000000] clocksource: refined-jiffies: mask: 0xffffffff max_cycles: 0xffffffff, max_idle_ns: 7645519600211568 ns
[    0.000000] setup_percpu: NR_CPUS:512 nr_cpumask_bits:512 nr_cpu_ids:2 nr_node_ids:1
[    0.000000] PERCPU: Embedded 33 pages/cpu @ffff88003fc00000 s95448 r8192 d31528 u1048576
[    0.000000] Built 1 zonelists in Node order, mobility grouping on.  Total pages: 257912
[    0.000000] Policy zone: DMA32
[    0.000000] Kernel command line: BOOT_IMAGE=/boot/vmlinuz-4.4.0-184-generic root=LABEL=cloudimg-rootfs ro console=tty1 console=ttyS0
[    0.000000] PID hash table entries: 4096 (order: 3, 32768 bytes)
[    0.000000] Memory: 997664K/1048120K available (8632K kernel code, 1336K rwdata, 4036K rodata, 1492K init, 1292K bss, 50456K reserved, 0K cma-reserved)
[    0.000000] SLUB: HWalign=64, Order=0-3, MinObjects=0, CPUs=2, Nodes=1
[    0.000000] Kernel/User page tables isolation: enabled
[    0.000000] Hierarchical RCU implementation.
[    0.000000] 	Build-time adjustment of leaf fanout to 64.
[    0.000000] 	RCU restricting CPUs from NR_CPUS=512 to nr_cpu_ids=2.
[    0.000000] RCU: Adjusting geometry for rcu_fanout_leaf=64, nr_cpu_ids=2
[    0.000000] NR_IRQS:33024 nr_irqs:440 16
[    0.000000] Console: colour VGA+ 80x25
[    0.000000] console [tty1] enabled
[    0.000000] console [ttyS0] enabled
[    0.000000] tsc: Detected 1895.611 MHz processor
[    1.468554] Calibrating delay loop (skipped) preset value.. 3791.22 BogoMIPS (lpj=7582444)
[    1.477012] pid_max: default: 32768 minimum: 301
[    1.481472] ACPI: Core revision 20150930
[    1.518908] ACPI: 2 ACPI AML tables successfully acquired and loaded
[    1.524907] Security Framework initialized
[    1.528363] Yama: becoming mindful.
[    1.531416] AppArmor: AppArmor initialized
[    1.535557] Dentry cache hash table entries: 131072 (order: 8, 1048576 bytes)
[    1.548631] Inode-cache hash table entries: 65536 (order: 7, 524288 bytes)
[    1.554567] Mount-cache hash table entries: 2048 (order: 2, 16384 bytes)
[    1.560160] Mountpoint-cache hash table entries: 2048 (order: 2, 16384 bytes)
[    1.566627] Initializing cgroup subsys io
[    1.570160] Initializing cgroup subsys memory
[    1.574007] Initializing cgroup subsys devices
[    1.577872] Initializing cgroup subsys freezer
[    1.581465] Initializing cgroup subsys net_cls
[    1.585140] Initializing cgroup subsys perf_event
[    1.588496] Initializing cgroup subsys net_prio
[    1.591613] Initializing cgroup subsys hugetlb
[    1.594882] Initializing cgroup subsys pids
[    1.599159] mce: CPU supports 0 MCE banks
[    1.604357] Last level iTLB entries: 4KB 1024, 2MB 1024, 4MB 1024
[    1.608141] Last level dTLB entries: 4KB 1024, 2MB 1024, 4MB 1024, 1GB 4
[    1.612285] Spectre V1 : Mitigation: usercopy/swapgs barriers and __user pointer sanitization
[    1.618180] Spectre V2 : Mitigation: Full generic retpoline
[    1.621853] Spectre V2 : Spectre v2 / SpectreRSB mitigation: Filling RSB on context switch
[    1.627583] Speculative Store Bypass: Vulnerable
[    1.632637] SRBDS: Unknown: Dependent on hypervisor status
[    1.636382] MDS: Vulnerable: Clear CPU buffers attempted, no microcode
[    1.646733] Freeing SMP alternatives memory: 36K
[    1.664041] ftrace: allocating 32319 entries in 127 pages
[    1.822300] smpboot: APIC(0) Converting physical 0 to logical package 0
[    1.841072] smpboot: Max logical packages: 1
[    1.859189] x2apic enabled
[    1.863128] Switched APIC routing to physical x2apic.
[    1.877119] ..TIMER: vector=0x30 apic1=0 pin1=2 apic2=-1 pin2=-1
[    1.996635] smpboot: CPU0: Intel(R) Core(TM) i3-4030U CPU @ 1.90GHz (family: 0x6, model: 0x45, stepping: 0x1)
[    2.019275] Performance Events: unsupported p6 CPU model 69 no PMU driver, software events only.
[    2.071974] KVM setup paravirtual spinlock
[    2.078113] x86: Booting SMP configuration:
[    2.099870] .... node  #0, CPUs:      #1
[    2.111109] kvm-clock: cpu 1, msr 0:3ffe3041, secondary cpu clock
[    2.128231] mce: CPU supports 0 MCE banks
[    2.138973] x86: Booted up 1 node, 2 CPUs
[    2.152539] smpboot: Total of 2 processors activated (7582.44 BogoMIPS)
[    2.163672] devtmpfs: initialized
[    2.194358] evm: security.selinux
[    2.208252] evm: security.SMACK64
[    2.222329] evm: security.SMACK64EXEC
[    2.225399] evm: security.SMACK64TRANSMUTE
[    2.233467] evm: security.SMACK64MMAP
[    2.236222] evm: security.ima
[    2.238688] evm: security.capability
[    2.244725] clocksource: jiffies: mask: 0xffffffff max_cycles: 0xffffffff, max_idle_ns: 7645041785100000 ns
[    2.252672] futex hash table entries: 512 (order: 3, 32768 bytes)
[    2.266324] pinctrl core: initialized pinctrl subsystem
[    2.271480] RTC time: 15:57:45, date: 06/29/20
[    2.277188] NET: Registered protocol family 16
[    2.291362] cpuidle: using governor ladder
[    2.308240] cpuidle: using governor menu
[    2.312649] PCCT header not found.
[    2.315825] ACPI: bus type PCI registered
[    2.318636] acpiphp: ACPI Hot Plug PCI Controller Driver version: 0.5
[    2.323008] PCI: Using configuration type 1 for base access
[    2.349047] ACPI: Added _OSI(Module Device)
[    2.352236] ACPI: Added _OSI(Processor Device)
[    2.355329] ACPI: Added _OSI(3.0 _SCP Extensions)
[    2.358727] ACPI: Added _OSI(Processor Aggregator Device)
[    2.367594] ACPI: Executed 1 blocks of module-level executable AML code
[    2.385138] ACPI: Interpreter enabled
[    2.388615] ACPI: (supports S0 S5)
[    2.392076] ACPI: Using IOAPIC for interrupt routing
[    2.397346] PCI: Using host bridge windows from ACPI; if necessary, use "pci=nocrs" and report a bug
[    2.422391] ACPI: PCI Root Bridge [PCI0] (domain 0000 [bus 00-ff])
[    2.427057] acpi PNP0A03:00: _OSC: OS supports [ASPM ClockPM Segments MSI]
[    2.433881] acpi PNP0A03:00: _OSC: not requesting OS control; OS requires [ExtendedConfig ASPM ClockPM MSI]
[    2.441927] acpi PNP0A03:00: fail to add MMCONFIG information, can't access extended PCI configuration space under this bridge.
[    2.450135] PCI host bridge to bus 0000:00
[    2.456610] pci_bus 0000:00: root bus resource [io  0x0000-0x0cf7 window]
[    2.463975] pci_bus 0000:00: root bus resource [io  0x0d00-0xffff window]
[    2.469858] pci_bus 0000:00: root bus resource [mem 0x000a0000-0x000bffff window]
[    2.479590] pci_bus 0000:00: root bus resource [mem 0x40000000-0xfdffffff window]
[    2.485049] pci_bus 0000:00: root bus resource [bus 00-ff]
[    2.494607] pci 0000:00:01.1: legacy IDE quirk: reg 0x10: [io  0x01f0-0x01f7]
[    2.500158] pci 0000:00:01.1: legacy IDE quirk: reg 0x14: [io  0x03f6]
[    2.505184] pci 0000:00:01.1: legacy IDE quirk: reg 0x18: [io  0x0170-0x0177]
[    2.560983] pci 0000:00:01.1: legacy IDE quirk: reg 0x1c: [io  0x0376]
[    2.607712] pci 0000:00:07.0: quirk: [io  0x4000-0x403f] claimed by PIIX4 ACPI
[    2.621079] pci 0000:00:07.0: quirk: [io  0x4100-0x410f] claimed by PIIX4 SMB
[    2.656036] ACPI: PCI Interrupt Link [LNKA] (IRQs 5 9 10 *11)
[    2.663526] ACPI: PCI Interrupt Link [LNKB] (IRQs 5 9 *10 11)
[    2.670568] ACPI: PCI Interrupt Link [LNKC] (IRQs 5 *9 10 11)
[    2.678699] ACPI: PCI Interrupt Link [LNKD] (IRQs 5 9 10 *11)
[    2.685090] ACPI: Enabled 2 GPEs in block 00 to 07
[    2.691068] vgaarb: setting as boot device: PCI:0000:00:02.0
[    2.695469] vgaarb: device added: PCI:0000:00:02.0,decodes=io+mem,owns=io+mem,locks=none
[    2.705132] vgaarb: loaded
[    2.707844] vgaarb: bridge control possible 0000:00:02.0
[    2.712983] SCSI subsystem initialized
[    2.724096] ACPI: bus type USB registered
[    2.727733] usbcore: registered new interface driver usbfs
[    2.732577] usbcore: registered new interface driver hub
[    2.738965] usbcore: registered new device driver usb
[    2.743994] PCI: Using ACPI for IRQ routing
[    2.748733] NetLabel: Initializing
[    2.751864] NetLabel:  domain hash size = 128
[    2.755791] NetLabel:  protocols = UNLABELED CIPSOv4
[    2.769172] NetLabel:  unlabeled traffic allowed by default
[    2.773285] amd_nb: Cannot enumerate AMD northbridges
[    2.776869] clocksource: Switched to clocksource kvm-clock
[    2.819635] AppArmor: AppArmor Filesystem Enabled
[    2.822963] pnp: PnP ACPI init
[    2.828379] pnp: PnP ACPI: found 3 devices
[    2.849854] clocksource: acpi_pm: mask: 0xffffff max_cycles: 0xffffff, max_idle_ns: 2085701024 ns
[    2.856044] NET: Registered protocol fmily 2
[    2.945369] TCP established hash table entries: 8192 (order: 4, 65536 bytes)
[    2.949706] TCP bind hash table entries: 8192 (order: 5, 131072 bytes)
[  2953925] TCP: Hash taes configured (established 8192 bind 8192)
[   3.214752] UDP hash table entries: 512 (order: 2, 16384 bytes)
[   .29799] UDP-Lte hash table entrie: 12 (order: 2, 16384 bytes)
[   .584904] NET: Registered protocol family 1
[    3.691007] pci 0000:00:00.0: Limiting direct PI/PCI transfers
[   3.747446] pci 0000:00:01.0: Activating ISA DMA hang workarounds
[    3.805361] Unpacking initramfs...

[    4.731058] Freeing initrd memory: 14884K
[    4.744182] RAPL PMU detected, API unit is 2^-32 Joules, 4 fixed counters 10737418240 ms ovfl timer
[    4.776802] hw unit of domain pp0-core 2^-0 Joules
[    4.788500] hw unit of domain package 2^-0 Joules
[    4.804006] hw unit of domain dram 2^-0 Joules
[    4.811778] hw unit of domain pp1-gpu 2^-0 Joules
[    4.827244] clocksource: tsc: mask: 0xffffffffffffffff max_cycles: 0x36a5f415104, max_idle_ns: 881590682539 ns
[    4.856846] platform rtc_cmos: registered platform RTC device (no PNP device found)
[    4.862546] Scanning for low memory corruption every 60 seconds
[    4.869996] audit: initializing netlink subsys (disabled)
[    4.873437] audit: type=2000 audit(1593446276.241:1): initialized
[    4.878633] Initialise system trusted keyring
[    4.882171] HugeTLB registered 2 MB page size, pre-allocated 0 pages
[    4.891711] zbud: loaded
[    4.895031] VFS: Disk quotas dquot_6.6.0
[    4.898237] VFS: Dquot-cache hash table entries: 512 (order 0, 4096 bytes)
[    4.903336] squashfs: version 4.0 (2009/01/31) Phillip Lougher
[    4.908329] fuse init (API version 7.23)
[    4.911664] Key type big_key registered
[    4.914470] Allocating IMA MOK and blacklist keyrings.
[    4.921136] Key type asymmetric registered
[    4.927517] Asymmetric key parser 'x509' registered
[    4.931725] Block layer SCSI generic (bsg) driver version 0.4 loaded (major 249)
[    4.938255] io scheduler noop registered
[    4.941239] io scheduler deadline registered (default)
[    4.945391] io scheduler cfq registered
[    4.949556] pci_hotplug: PCI Hot Plug PCI Core version: 0.5
[    4.954114] pciehp: PCI Express Hot Plug Controller Driver version: 0.4
[    4.968500] ACPI: AC Adapter [AC] (on-line)
[    4.972461] input: Power Button as /devices/LNXSYSTM:00/LNXPWRBN:00/input/input0
[    4.979609] ACPI: Power Button [PWRF]
[    4.983413] input: Sleep Button as /devices/LNXSYSTM:00/LNXSLPBN:00/input/input1
[    4.990269] ACPI: Sleep Button [SLPF]
[    4.994440] GHES: HEST is not enabled!
[    4.998474] Serial: 8250/16550 driver, 32 ports, IRQ sharing enabled
[    5.001082] ACPI: Battery Slot [BAT0] (battery present)
[    5.037625] 00:02: ttyS0 at I/O 0x3f8 (irq = 4, base_baud = 115200) is a 16550A
[    5.057616] Linux agpgart interface v0.103
[    5.066931] loop: module loaded
[    5.072106] scsi host0: ata_piix
[    5.075785] scsi host1: ata_piix
[    5.079040] ata1: PATA max UDMA/33 cmd 0x1f0 ctl 0x3f6 bmdma 0xd000 irq 14
[    5.083955] ata2: PATA max UDMA/33 cmd 0x170 ctl 0x376 bmdma 0xd008 irq 15
[    5.089954] libphy: Fixed MDIO Bus: probed
[    5.102294] tun: Universal TUN/TAP device driver, 1.6
[    5.106532] tun: (C) 1999-2004 Max Krasnyansky <maxk@qualcomm.com>
[    5.111288] PPP generic driver version 2.4.2
[    5.115685] ehci_hcd: USB 2.0 'Enhanced' Host Controller (EHCI) Driver
[    5.121062] ehci-pci: EHCI PCI platform driver
[    5.124224] ehci-platform: EHCI generic platform driver
[    5.127852] ohci_hcd: USB 1.1 'Open' Host Controller (OHCI) Driver
[    5.133266] ohci-pci: OHCI PCI platform driver
[    5.136296] ohci-platform: OHCI generic platform driver
[    5.139708] uhci_hcd: USB Universal Host Controller Interface driver
[    5.144043] i8042: PNP: PS/2 Controller [PNP0303:PS2K,PNP0f03:PS2M] at 0x60,0x64 irq 1,12
[    5.150912] serio: i8042 KBD port at 0x60,0x64 irq 1
[    5.154191] serio: i8042 AUX port at 0x60,0x64 irq 12
[    5.158020] mousedev: PS/2 mouse device common for all mice
[    5.163153] input: AT Translated Set 2 keyboard as /devices/platform/i8042/serio0/input/input2
[    5.171383] rtc_cmos rtc_cmos: rtc core: registered rtc_cmos as rtc0
[    5.175538] rtc_cmos rtc_cmos: alarms up to one day, 114 bytes nvram
[    5.179489] i2c /dev entries driver
[    5.184075] device-mapper: uevent: version 1.0.3
[    5.199122] device-mapper: ioctl: 4.34.0-ioctl (2015-10-28) initialised: dm-devel@redhat.com
[    5.210007] ledtrig-cpu: registered to indicate activity on CPUs
[    5.216014] NET: Registered protocol family 10
[    5.220665] NET: Registered protocol family 17
[    5.225962] Key type dns_resolver registered
[    5.229905] registered taskstats version 1
[    5.232937] Loading compiled-in X.509 certificates
[    5.237908] Loaded X.509 cert 'Build time autogenerated kernel key: b6ae09eed57f82583ccd3c65c463e852cdd7a0b5'
[    5.244757] zswap: loaded using pool lzo/zbud
[    5.253563] Key type trusted registered
[    5.266607] Key type encrypted registered
[    5.269534] AppArmor: AppArmor sha1 policy hashing enabled
[    5.273388] ima: No TPM chip found, activating TPM-bypass!
[    5.277141] ima: Allocated hash algorithm: sha1
[    5.280458] evm: HMAC attrs: 0x1
[    5.285919]   Magic number: 8:214:994
[    5.293157] rtc_cmos rtc_cmos: setting system clock to 2020-06-29 15:57:48 UTC (1593446268)
[    5.299225] BIOS EDD facility v0.16 2004-Jun-25, 0 devices found
[    5.303570] EDD information not available.
[    5.314799] Freeing unused kernel memory: 1492K
[    5.317927] Write protecting the kernel read-only data: 14336k
[    5.323304] Freeing unused kernel memory: 1596K
[    5.327305] Freeing unused kernel memory: 60K
Loading, please wait...
starting version 229
[    5.373601] random: systemd-udevd: uninitialized urandom read (16 bytes read, 3 bits of entropy available)
[    5.376722] random: udevadm: uninitialized urandom read (16 bytes read, 3 bits of entropy available)
[    5.376788] random: udevadm: uninitialized urandom read (16 bytes read, 3 bits of entropy available)
[    5.413660] random: udevadm: uninitialized urandom read (16 bytes read, 3 bits of entropy available)
[    5.413819] random: udevadm: uninitialized urandom read (16 bytes read, 3 bits of entropy available)
[    5.414426] random: udevadm: uninitialized urandom read (16 bytes read, 3 bits of entropy available)
[    5.414635] random: udevadm: uninitialized urandom read (16 bytes read, 3 bits of entropy available)
[    5.414836] random: udevadm: uninitialized urandom read (16 bytes read, 3 bits of entropy available)
[    5.415049] random: udevadm: uninitialized urandom read (16 bytes read, 3 bits of entropy available)
[    5.415295] random: udevadm: uninitialized urandom read (16 bytes read, 3 bits of entropy available)
[    5.608916] Fusion MPT base driver 3.04.20
[    5.612975] Copyright (c) 1999-2008 LSI Corporation
[    5.617794] e1000: Intel(R) PRO/1000 Network Driver - version 7.3.21-k8-NAPI
[    5.623276] e1000: Copyright (c) 1999-2006 Intel Corporation.
[    5.653525] Fusion MPT SPI Host driver 3.04.20
[    5.743657] AVX2 version of gcm_enc/dec engaged.
[    5.748073] AES CTR mode by8 optimization enabled
[    5.845227] input: ImExPS/2 Generic Explorer Mouse as /devices/platform/i8042/serio1/input/input4
[    6.212163] e1000 0000:00:03.0 eth0: (PCI:33MHz:32-bit) 02:89:fa:04:16:8f
[    6.219198] e1000 0000:00:03.0 eth0: Intel(R) PRO/1000 Network Connection
[    6.235727] mptbase: ioc0: Initiating bringup
[    6.321980] ioc0: LSI53C1030 A0: Capabilities={Initiator}
[    6.504694] scsi host2: ioc0: LSI53C1030 A0, FwRev=00000000h, Ports=1, MaxQ=256, IRQ=20
[    6.634948] scsi 2:0:0:0: Direct-Access     VBOX     HARDDISK         1.0  PQ: 0 ANSI: 5
[    6.674001] scsi target2:0:0: Beginning Domain Validation
[    6.686289] scsi target2:0:0: Domain Validation skipping write tests
[    6.693114] scsi target2:0:0: Ending Domain Validation
[    6.699035] scsi target2:0:0: asynchronous
[    6.756534] scsi 2:0:1:0: Direct-Access     VBOX     HARDDISK         1.0  PQ: 0 ANSI: 5
[    6.765283] scsi target2:0:1: Beginning Domain Validation
[    6.772718] scsi target2:0:1: Domain Validation skipping write tests
[    6.780113] scsi target2:0:1: Ending Domain Validation
[    6.791117] scsi target2:0:1: asynchronous
[    6.811840] sd 2:0:0:0: Attached scsi generic sg0 type 0
[    6.817160] sd 2:0:0:0: [sda] 20971520 512-byte logical blocks: (10.7 GB/10.0 GiB)
[    6.825361] sd 2:0:1:0: [sdb] 20480 512-byte logical blocks: (10.5 MB/10.0 MiB)
[    6.833241] sd 2:0:1:0: Attached scsi generic sg1 type 0
[    6.838846] sd 2:0:1:0: [sdb] Write Protect is off
[    6.843291] sd 2:0:0:0: [sda] Write Protect is off
[    6.854069] sd 2:0:1:0: [sdb] Incomplete mode parameter data
[    6.859436] sd 2:0:1:0: [sdb] Assuming drive cache: write through
[    6.865704] sd 2:0:0:0: [sda] Incomplete mode parameter data
[    6.870423] sd 2:0:0:0: [sda] Assuming drive cache: write through
[    6.918415]  sda: sda1
[    6.923033] sd 2:0:0:0: [sda] Attached SCSI disk
[    6.934527] sd 2:0:1:0: [sdb] Attached SCSI disk
[    7.222438] e1000 0000:00:08.0 eth1: (PCI:33MHz:32-bit) 08:00:27:17:e0:89
[    7.240088] e1000 0000:00:08.0 eth1: Intel(R) PRO/1000 Network Connection
[    7.251276] e1000 0000:00:08.0 enp0s8: renamed from eth1
[    7.278366] e1000 0000:00:03.0 enp0s3: renamed from eth0
Begin: Loading essential drivers ... [    9.920662] md: linear personality registered for level -1
[    9.931830] md: multipath personality registered for level -4
[    9.942749] md: raid0 personality registered for level 0
[    9.957257] md: raid1 personality registered for level 1
[   10.037108] raid6: sse2x1   gen()  1517 MB/s
[   10.109363] raid6: sse2x1   xor()   993 MB/s
[   10.189408] raid6: sse2x2   gen()  2607 MB/s
[   10.269461] raid6: sse2x2   xor()  1781 MB/s
[   10.341718] raid6: sse2x4   gen()  4075 MB/s
[   10.409343] raid6: sse2x4   xor()  2154 MB/s
[   10.481328] raid6: avx2x1   gen()  3103 MB/s
[   10.553567] raid6: avx2x2   gen()  5967 MB/s
[   10.620965] raid6: avx2x4   gen()  7454 MB/s
[   10.627873] raid6: using algorithm avx2x4 gen() 7454 MB/s
[   10.633178] raid6: using avx2x2 recovery algorithm
[   10.642570] xor: automatically using best checksumming function:
[   10.685359]    avx       :  9124.000 MB/sec
[   10.693736] async_tx: api initialized (async)
[   10.726232] md: raid6 personality registered for level 6
[   10.730672] md: raid5 personality registered for level 5
[   10.734632] md: raid4 personality registered for level 4
[   10.760597] md: raid10 personality registered for level 10
done.
Begin: Running /scripts/init-premount ... done.
Begin: Mounting root file system ... Begin: Running /scripts/local-top ... done.
Begin: Running /scripts/local-premount ... [   10.871802] Btrfs loaded
Scanning for Btrfs filesystems
done.
Warning: fsck not present, so skipping root file system
[   10.971220] EXT4-fs (sda1): mounted filesystem with ordered data mode. Opts: (null)
done.
Begin: Running /scripts/local-bottom ... done.
Begin: Running /scripts/init-bottom ... done.
[   11.762413] random: nonblocking pool is initialized
[   12.115319] systemd[1]: systemd 229 running in system mode. (+PAM +AUDIT +SELINUX +IMA +APPARMOR +SMACK +SYSVINIT +UTMP +LIBCRYPTSETUP +GCRYPT +GNUTLS +ACL +XZ -LZ4 +SECCOMP +BLKID +ELFUTILS +KMOD -IDN)
[   12.136148] systemd[1]: Detected virtualization oracle.
[   12.142138] systemd[1]: Detected architecture x86-64.

Welcome to [1mUbuntu 16.04.6 LTS[0m!

[   12.198910] systemd[1]: Set hostname to <ubuntu>.
[   12.262932] systemd[1]: Initializing machine ID from random generator.
[   12.269903] systemd[1]: Installed transient /etc/machine-id file.
[   13.964044] systemd[1]: Reached target Encrypted Volumes.
[[0;32m  OK  [0m] Reached target Encrypted Volumes.
[   13.970927] systemd[1]: Listening on LVM2 metadata daemon socket.
[[0;32m  OK  [0m] Listening on LVM2 metadata daemon socket.
[   13.992236] systemd[1]: Listening on udev Control Socket.
[[0;32m  OK  [0m] Listening on udev Control Socket.
[   13.999010] systemd[1]: Reached target User and Group Name Lookups.
[[0;32m  OK  [0m] Reached target User and Group Name Lookups.
[   14.006514] systemd[1]: Listening on Device-mapper event daemon FIFOs.
[[0;32m  OK  [0m] Listening on Device-mapper event daemon FIFOs.
[   14.015711] systemd[1]: Listening on Journal Audit Socket.
[[0;32m  OK  [0m] Listening on Journal Audit Socket.
[   14.022419] systemd[1]: Listening on LVM2 poll daemon socket.
[[0;32m  OK  [0m] Listening on LVM2 poll daemon socket.
[   14.029386] systemd[1]: Listening on Syslog Socket.
[[0;32m  OK  [0m] Listening on Syslog Socket.
[   14.035517] systemd[1]: Listening on Journal Socket (/dev/log).
[[0;32m  OK  [0m] Listening on Journal Socket (/dev/log).
[   14.042760] systemd[1]: Listening on /dev/initctl Compatibility Named Pipe.
[[0;32m  OK  [0m] Listening on /dev/initctl Compatibility Named Pipe.
[   14.051698] systemd[1]: Created slice System Slice.
[[0;32m  OK  [0m] Created slice System Slice.
[   14.058715] systemd[1]: Created slice system-serial\x2dgetty.slice.
[[0;32m  OK  [0m] Created slice system-serial\x2dgetty.slice.
[   14.066669] systemd[1]: Started Forward Password Requests to Wall Directory Watch.
[[0;32m  OK  [0m] Started Forward Password Requests to Wall Directory Watch.
[   14.077153] systemd[1]: Listening on udev Kernel Socket.
[[0;32m  OK  [0m] Listening on udev Kernel Socket.
[   14.084005] systemd[1]: Listening on Journal Socket.
[[0;32m  OK  [0m] Listening on Journal Socket.
[   14.109416] systemd[1]: Starting Remount Root and Kernel File Systems...
         Starting Remount Root and Kernel File Systems...
[   14.119732] systemd[1]: Starting Journal Service...
         Starting Journal Service...
[   14.246039] EXT4-fs (sda1): re-mounted. Opts: (null)
[   14.278323] systemd[1]: Starting Load Kernel Modules...
         Starting Load Kernel Modules...
[   14.299170] systemd[1]: Starting Create list of required static device nodes for the current kernel...
         Starting Create list of required st... nodes for the current kernel...
[   14.357684] systemd[1]: Mounting Huge Pages File System...
         Mounting Huge Pages File System...
[   14.383429] systemd[1]: Starting Set console keymap...
         Starting Set console keymap...
[   14.400241] systemd[1]: Starting Nameserver information manager...
         Starting Nameserver information manager...
[   14.421401] systemd[1]: Mounting POSIX Message Queue File System...
         Mounting POSIX Message Queue File System...
[   14.435880] systemd[1]: Starting Monitoring of LVM2 mirrors, snapshots etc. using dmeventd or progress polling...
         Starting Monitoring of LVM2 mirrors... dmeventd or progress polling...
[   14.452829] systemd[1]: Mounting Debug File System...
         Mounting Debug File System...
[   14.478974] systemd[1]: Reached target System Time Synchronized.
[[0;32m  OK  [0m] Reached target System Time Synchronized.
[   14.497363] systemd[1]: Starting Uncomplicated firewall...
         Starting Uncomplicated firewall...
[   14.504381] systemd[1]: Reached target Swap.
[[0;32m  OK  [0m] Reached target Swap.
[   14.511362] systemd[1]: Set up automount Arbitrary Executable File Formats File System Automount Point.
[[0;32m  OK  [0m] Set up automount Arbitrary Executab...ats File System Automount Point.
[   14.557768] Loading iSCSI transport class v2.0-870.
[   14.610425] systemd[1]: Started Trigger resolvconf update for networkd DNS.
[[0;32m  OK  [0m] Started Trigger resolvconf update for networkd DNS.
[   14.673637] systemd[1]: Created slice User and Session Slice.
[   14.705449] iscsi: registered transport (tcp)
[[0;32m  OK  [0m] Created slice User and Session Slice.
[   14.712878] systemd[1]: Reached target Slices.
[[0;32m  OK  [0m] Reached target Slices.
[   14.736003] systemd[1]: Mounted Huge Pages File System.
[[0;32m  OK  [0m] Mounted Huge Pages File System.
[   14.766789] systemd[1]: Mounted POSIX Message Queue File System.
[[0;32m  OK  [0m] Mounted POSIX Message Queue File System.
[   14.776161] systemd[1]: Mounted Debug File System.
[[0;32m  OK  [0m] Mounted Debug File System.
[   14.788063] systemd[1]: Started Remount Root and Kernel File Systems.
[[0;32m  OK  [0m] Started Remount Root and Kernel File Systems.
[   14.803426] systemd[1]: Started Create list of required static device nodes for the current kernel.
[[0;32m  OK  [0m] Started Create list of required sta...ce nodes for the current kernel.
[   14.840121] systemd[1]: Started Uncomplicated firewall.
[[0;32m  OK  [0m] Started Uncomplicated firewall.
[   14.890092] systemd[1]: Starting Create Static Device Nodes in /dev...
         Starting Create Static Device Nodes in /dev...
[   14.915263] systemd[1]: Starting Load/Save Random Seed...
         Starting Load/Save Random Seed...
[   15.013672] systemd[1]: Starting udev Coldplug all Devices...
         Starting udev Coldplug all Devices...
[   15.065490] systemd[1]: Started Journal Service.
[[0;32m  OK  [0m] Started Journal Service.
[[0;32m  OK  [0m] Started Nameserver information manager.
[[0;32m  OK  [0m] Started Load/Save Random Seed.
         Starting Flush Journal to Persistent Storage...
[   15.348316] iscsi: registered transport (iser)
[[0;32m  OK  [0m] Started LVM2 metadata daemon.
[[0;32m  OK  [0m] Started Load Kernel Modules.
         Mounting FUSE Control File System...
         Starting Apply Kernel Variables...
[[0;32m  OK  [0m] Mounted FUSE Control File System.
[   15.461668] systemd-journald[372]: Received request to flush runtime journal from PID 1
[[0;32m  OK  [0m] Started Flush Journal to Persistent Storage.
[[0;32m  OK  [0m] Started Set console keymap.
[[0;32m  OK  [0m] Started udev Coldplug all Devices.
[[0;32m  OK  [0m] Started Apply Kernel Variables.
[[0;32m  OK  [0m] Started Monitoring of LVM2 mirrors,...ng dmeventd or progress polling.
[[0;32m  OK  [0m] Started Create Static Device Nodes in /dev.
         Starting udev Kernel Device Manager...
[[0;32m  OK  [0m] Reached target Local File Systems (Pre).
[[0;32m  OK  [0m] Reached target Local File Systems.
         Starting Initial cloud-init job (pre-networking)...
         Starting Set console font and keymap...
         Starting LSB: AppArmor initialization...
         Starting Commit a transient machine-id on disk...
         Starting Tell Plymouth To Write Out Runtime Data...
         Starting Create Volatile Files and Directories...
[[0;32m  OK  [0m] Started Commit a transient machine-id on disk.
[[0;32m  OK  [0m] Started Tell Plymouth To Write Out Runtime Data.
[[0;32m  OK  [0m] Started Create Volatile Files and Directories.
         Starting Update UTMP about System Boot/Shutdown...
[[0;32m  OK  [0m] Started Update UTMP about System Boot/Shutdown.
[[0;32m  OK  [0m] Started udev Kernel Device Manager.
[[0;32m  OK  [0m] Started Dispatch Password Requests to Console Directory Watch.
[[0;32m  OK  [0m] Started Set console font and keymap.
[[0;32m  OK  [0m] Created slice system-getty.slice.
[[0;32m  OK  [0m] Found device /dev/ttyS0.
[[0;32m  OK  [0m] Listening on Load/Save RF Kill Switch Status /dev/rfkill Watch.
[[0;32m  OK  [0m] Started LSB: AppArmor initialization.
[   26.360499] cloud-init[465]: Cloud-init v. 19.4-33-gbb4131a2-0ubuntu1~16.04.1 running 'init-local' at Mon, 29 Jun 2020 15:58:10 +0000. Up 25.00 seconds.
[[0;32m  OK  [0m] Started Initial cloud-init job (pre-networking).
[[0;32m  OK  [0m] Reached target Network (Pre).
         Starting Raise network interfaces...
[[0;32m  OK  [0m] Started Raise network interfaces.
[[0;32m  OK  [0m] Reached target Network.
         Starting Initial cloud-init job (metadata service crawler)...
[   32.731478] cloud-init[960]: Cloud-init v. 19.4-33-gbb4131a2-0ubuntu1~16.04.1 running 'init' at Mon, 29 Jun 2020 15:58:13 +0000. Up 28.56 seconds.
[   32.740120] cloud-init[960]: ci-info: ++++++++++++++++++++++++++++++++++++++Net device info+++++++++++++++++++++++++++++++++++++++
[   32.793665] cloud-init[960]: ci-info: +--------+-------+----------------------------+---------------+--------+-------------------+
[   32.801286] cloud-init[960]: ci-info: | Device |   Up  |          Address           |      Mask     | Scope  |     Hw-Address    |
[   32.816034] cloud-init[960]: ci-info: +--------+-------+----------------------------+---------------+--------+-------------------+
[   32.839478] cloud-init[960]: ci-info: | enp0s3 |  True |         10.0.2.15          | 255.255.255.0 | global | 02:89:fa:04:16:8f |
[   32.851393] cloud-init[960]: ci-info: | enp0s3 |  True | fe80::89:faff:fe04:168f/64 |       .       |  link  | 02:89:fa:04:16:8f |
[   32.859072] cloud-init[960]: ci-info: | enp0s8 | False |             .              |       .       |   .    | 08:00:27:17:e0:89 |
[   32.866757] cloud-init[960]: ci-info: |   lo   |  True |         127.0.0.1          |   255.0.0.0   |  host  |         .         |
[   32.904714] cloud-init[960]: ci-info: |   lo   |  True |          ::1/128           |       .       |  host  |         .         |
[   32.924751] [cloud-init[0;32m  OK  [0m[960]: ] ci-info: +--------+-------+----------------------------+---------------+--------+-------------------+Started Initial cloud-init job (metadata service crawler).

[   32.967190] [[0;32m  OK  [0m] Reached target Network is Online.
cloud-init[960]: ci-info: +++++++++++++++++++++++++++Route IPv4 info++++++++++++++++++++++++++++
[   32.977661] cloud-init[960]: ci-info: +-------+-------------+----------+---------------+-----------+-------+         Starting iSCSI initiator daemon (iscsid)...
[[0;32m  OK  [0m] Reached target Cloud-config availability.
[[0;32m  OK  [0m] Reached target System Initialization.
[[0;32m  OK  [0m] Started Daily apt download activities.
[[0;32m  OK  [0m] Listening on D-Bus System Message Bus Socket.
[[0;32m  OK  [0m] Listening on ACPID Listen Socket.
[[0;32m  OK  [0m] Started Daily apt upgrade and clean activities.
[[0;32m  OK  [0m] Listening on UUID daemon activation socket.

[   33.005645] cloud-init[960]: ci-info: | Route | Destination | Gateway  |    Genmask    | Interface | Flags |
[   33.013829] cloud-init[960]: ci-info: +-------+-------------+----------+---------------+-----------+-------+
[   33.021621] cloud-init[960]: ci-info: |   0   |   0.0.0.0   | 10.0.2.2 |    0.0.0.0    |   enp0s3  |   UG  |
[   33.030436] [[0;32m  OK  [0m] Started ACPI Events Check.
[[0;32m  OK  [0m] Reached target Paths.
cloud-init[960]: ci-info: |   1   |   10.0.2.0  | 0.0.0.0  | 255.255.255.0 |   enp0s3  |   U   |
[   33.047215] [[0;32m  OK  [0m] Started Daily Cleanup of Temporary Directories.
[[0;32m  OK  [0m] Started Message of the Day.
cloud-init[960]: ci-info: +-------+-------------+----------+---------------+-----------+-------+
[   33.064012] cloud-init[960]:          Starting LXD - unix socket.
         Starting Socket activation for snappy daemon.
ci-info: +++++++++++++++++++Route IPv6 info+++++++++++++++++++
[   33.086440] [[0;32m  OK  [0m] Reached target Timers.
cloud-init[960]: ci-info: +-------+-------------+---------+-----------+-------+
[   33.116573] [[0;32m  OK  [0m] Listening on LXD - unix socket.
[[0;32m  OK  [0m] Listening on Socket activation for snappy daemon.
[[0;32m  OK  [0m] Reached target Sockets.
[[0;32m  OK  [0m] Reached target Basic System.
cloud-init[960]: ci-info: | Route | Destination | Gateway | Interface | Flags |
[   33.139964] cloud-init[960]: ci-info: +-------+-------------+---------+-----------+-------+
         Starting LSB: MD monitoring daemon...
[   33.141762] cloud-init[960]: ci-info: |   0   |  fe80::/64  |    ::   |   enp0s3  |   U   |
[[0;32m  OK  [0m[   33.178721] cloud-init[960]: ci-info: |   4   |   ff00::/8  |    ::   |   enp0s3  |   U   |
[   33.179858] cloud-init[960]: ci-info: +-------+-------------+---------+-----------+-------+
[   33.181503] cloud-init[960]: Generating public/private rsa key pair.
[   33.181999] cloud-init[960]: Your identification has been saved in /etc/ssh/ssh_host_rsa_key.
[   33.182592] cloud-init[960]: Your public key has been saved in /etc/ssh/ssh_host_rsa_key.pub.
] Started Deferred execution scheduler.
[   33.184545] cloud-init[960]: The key fingerprint is:
[   33.285947] cloud-init[960]: SHA256:O+vex2aTmxiaFfBhnfxuDeXyQwo1gUDOEqJ+HpFS7hU root@ubuntu-xenial
[   33.287358] cloud-init[960]: The key's randomart image is:
[   33.287955] cloud-init[960]: +---[RSA 2048]----+
[   33.303394] cloud-init[960]: |     o E.o. ..   |
         Starting System Logging Service...
[   33.303609] cloud-init[960]: |    + o =  + ..  |
[   33.349102] cloud-init[960]: |   o + o.oo +o  .|
[   33.357986] cloud-init[960]: |  . o o .+ ....o |
[   33.361763] cloud-init[960]: |   . +  S o.  +..|
         Starting Virtualbox guest utils...
[   33.373137] cloud-init[960]: |    o .  . ...o= |
[   33.395111] cloud-init[960]: |     .  o o. oo.o|
[   33.403534] cloud-init[960]: |         B oBo  .|
[   33.410237] cloud-init[960]: |       o* o+oo   |
[   33.419376] cloud-init[960]: +----[SHA256]-----+
[   33.424996] cloud-init[960]: Generating public/private dsa key pair.
[   33.430617] cloud-init[960]: Your identification has been saved in /etc/ssh/ssh_host_dsa_key.         Starting Snappy daemon...
         Starting Login Service...

         [   33.447752] cloud-init[960]: Your public key has been saved in /etc/ssh/ssh_host_dsa_key.pub.
[   33.449428] cloud-init[960]: The key fingerprint is:
[   33.450073] cloud-init[960]: SHA256:KAQhf2m92AcVzXhTwAhRZrSA/fPIkzogOFZ1wHY3PiA root@ubuntu-xenial
Starting /etc/rc.local Compatibility...
[   33.451273] cloud-init[960]: The key's randomart image is:
[   33.476050] cloud-init[960]: +---[DSA 1024]----+
[   33.481181] cloud-init[960]: |. o..+==BB.o.    |
[   33.490137] cloud-init[960]: | o ..E.Oo+*      |
[   33.495085] cloud-init[960]: |  . B *.=...     |
[   33.495968] cloud-init[960]: |   = o +oo       |
[   33.497104] cloud-init[960]: | .. o +.S=.      |
[   33.497600] cloud-init[960]: |o.. .. .= .      |
[   33.498065] cloud-init[960]: |.. . . . .       |
[   33.498571] cloud-init[960]: |      o          |
[   33.499050] cloud-init[960]: |       .         |
[   33.499563] cloud-init[960]: +----[SHA256]-----+
[   33.501930] cloud-init[960]: Generating public/private ecdsa key pair.
[   33.502126] cloud-init[960]: Your identification has been saved in /etc/ssh/ssh_host_ecdsa_key.
[   33.502660] cloud-init[960]: Your public key has been saved in /etc/ssh/ssh_host_ecdsa_key.pub.
[   33.503137] cloud-init[960]: The key fingerprint is:
[   33.503673] cloud-init[960]: SHA256:rhOi4S7catNtUp1JPldkX3dE6wllnlwfMzBQxG4A9xE root@ubuntu-xenial
[   33.504278] cloud-init[960]: The key's randomart image is:
[   33.504643] cloud-init[960]: +---[ECDSA 256]---+
[   33.505119] cloud-init[960]: |         ..o=EoO+|
[   33.508789] cloud-init[960]: |          .+..B.@|
[   33.509779] cloud-init[960]: |          o +o.=+|
[   33.511751] cloud-init[960]: |       .   . +o .|
         Starting Accounts Service...
[   33.514334] cloud-init[960]: |      + S . .  o |
[   33.579944] cloud-init[960]: |  . ...B .       |
[   33.584153] cloud-init[960]: |..ooo. .+        |
[   33.588092] cloud-init[960]: |.+o+ o..         |
[   33.604996] cloud-init[960]: |.++ o ..         |
         Starting Pollinate to seed the pseudo random number generator...
[   33.631486] cloud-init[960]: +----[SHA256]-----+
[   33.662161] cloud-init[960]: Generating public/private ed25519 key pair.
[   33.667664] [cloud-init[0;32m  OK  [0m[960]: ] Your identification has been saved in /etc/ssh/ssh_host_ed25519_key.Started D-Bus System Message Bus.

[   33.669499] cloud-init[960]: Your public key has been saved in /etc/ssh/ssh_host_ed25519_key.pub.
[   33.706761] cloud-init[960]: The key fingerprint is:
[   33.711790] cloud-init[960]: SHA256:cHQnBSqLLJSSCEYEFpNawAMBS9/xWUOcGJbhyhqZvck root@ubuntu-xenial
[   33.718874] cloud-init[960]: The key's randomart image is:
[   33.725305] cloud-init[960]: +--[ED25519 256]--+
[   33.730372] cloud-init[960]: |#@o  . +O+=oo    |
[   33.735180] cloud-init[960]: |**+.. =+o=.o     |
[   33.741963] cloud-init[960]: |*.+. .o+o        |
[   33.747191] cloud-init[960]: |.o .=..=         |
[   33.753099] cloud-init[960]: |  .+o+. S        |
[   33.761193] cloud-init[960]: |   .+ o          |
[   33.766245] cloud-init[960]: |   . E           |
[   33.774519] cloud-init[960]: |                 |
[   33.779332] cloud-init[960]: |                 |
[   33.784466] cloud-init[960]: +----[SHA256]-----+
[[0;32m  OK  [0m] Started ACPI event daemon.
         Starting LSB: Record successful boot for GRUB...
[[0;32m  OK  [0m] Started FUSE filesystem for LXC.
[[0;32m  OK  [0m] Started Regular background program processing daemon.
         Starting LXD - container startup/shutdown...
[[0;32m  OK  [0m] Started System Logging Service.
[[0;32m  OK  [0m] Started /etc/rc.local Compatibility.
[[0;32m  OK  [0m] Started Login Service.
[[0;32m  OK  [0m] Started Unattended Upgrades Shutdown.
[[0;32m  OK  [0m] Started iSCSI initiator daemon (iscsid).
         Starting Login to default iSCSI targets...
[[0;32m  OK  [0m] Started LSB: MD monitoring daemon.
[[0;32m  OK  [0m] Started Login to default iSCSI targets.
[[0;32m  OK  [0m] Reached target Remote File Systems (Pre).
[[0;32m  OK  [0m] Reached target Remote File Systems.
         Starting LSB: Set the CPU Frequency Scaling governor to "ondemand"...
         Starting LSB: daemon to balance interrupts for SMP systems...
         Starting Permit User Sessions...
         Starting LSB: automatic crash report generation...
[[0;32m  OK  [0m] Started LSB: Set the CPU Frequency Scaling governor to "ondemand".
[[0;32m  OK  [0m] Started Permit User Sessions.
         Starting Hold until boot process finishes up...
         Starting Terminate Plymouth Boot Screen...
[[0;32m  OK  [0m] Started Hold until boot process finishes up.
[[0;32m  OK  [0m] Started LSB: Record successful boot for GRUB.
[[0;32m  OK  [0m] Started Terminate Plymouth Boot Screen.
[[0;32m  OK  [0m] Started LSB: daemon to balance interrupts for SMP systems.
[[0;32m  OK  [0m] Started Serial Getty on ttyS0.
         Starting Set console scheme...
[[0;32m  OK  [0m] Started Getty on tty1.
[[0;32m  OK  [0m] Reached target Login Prompts.
[[0;32m  OK  [0m] Started LSB: automatic crash report generation.
[[0;32m  OK  [0m] Started Set console scheme.
[[0;32m  OK  [0m] Started Virtualbox guest utils.
         Starting Authenticate and Authorize Users to Run Privileged Tasks...
[[0;32m  OK  [0m] Started Authenticate and Authorize Users to Run Privileged Tasks.
[[0;32m  OK  [0m] Started Accounts Service.
[[0;32m  OK  [0m] Started Snappy daemon.
         Starting Wait until snapd is fully seeded...
[[0;32m  OK  [0m] Started Pollinate to seed the pseudo random number generator.

Ubuntu 16.04.6 LTS ubuntu-xenial ttyS0

ubuntu-xenial login: [   49.368441] cloud-init[1392]: Generating locales (this might take a while)...
[   54.844460] cloud-init[1392]:   en_US.UTF-8... done
[   54.845814] cloud-init[1392]: Generation complete.
[   62.663111] cloud-init[1392]: Cloud-init v. 19.4-33-gbb4131a2-0ubuntu1~16.04.1 running 'modules:config' at Mon, 29 Jun 2020 15:58:32 +0000. Up 47.89 seconds.
ci-info: no authorized SSH keys fingerprints found for user ubuntu.
<14>Jun 29 15:58:49 ec2: 
<14>Jun 29 15:58:49 ec2: #############################################################
<14>Jun 29 15:58:49 ec2: -----BEGIN SSH HOST KEY FINGERPRINTS-----
<14>Jun 29 15:58:49 ec2: 1024 SHA256:KAQhf2m92AcVzXhTwAhRZrSA/fPIkzogOFZ1wHY3PiA root@ubuntu-xenial (DSA)
<14>Jun 29 15:58:49 ec2: 256 SHA256:rhOi4S7catNtUp1JPldkX3dE6wllnlwfMzBQxG4A9xE root@ubuntu-xenial (ECDSA)
<14>Jun 29 15:58:49 ec2: 256 SHA256:cHQnBSqLLJSSCEYEFpNawAMBS9/xWUOcGJbhyhqZvck root@ubuntu-xenial (ED25519)
<14>Jun 29 15:58:49 ec2: 2048 SHA256:O+vex2aTmxiaFfBhnfxuDeXyQwo1gUDOEqJ+HpFS7hU root@ubuntu-xenial (RSA)
<14>Jun 29 15:58:49 ec2: -----END SSH HOST KEY FINGERPRINTS-----
<14>Jun 29 15:58:49 ec2: #############################################################
-----BEGIN SSH HOST KEY KEYS-----
ecdsa-sha2-nistp256 AAAAE2VjZHNhLXNoYTItbmlzdHAyNTYAAAAIbmlzdHAyNTYAAABBBN33Mncib8ermjqFbmqKweGUy3fqP/CYowKPGtG2FYZ4R3z72ZVOCiVhnOyT/EHTgfW6umgtDOreUi4MSP0Oh/c= root@ubuntu-xenial
ssh-ed25519 AAAAC3NzaC1lZDI1NTE5AAAAIJL4sunwe7DutN0EVgKnTcvXZwkx+O8LC3J0oO38nYMe root@ubuntu-xenial
ssh-rsa AAAAB3NzaC1yc2EAAAADAQABAAABAQC9cNYIO2+p5e89SiwSBPgVEpc7kO74r838il3iKFPjlV2H4+WZbY8MVeOYZSVkB+ugcU5/eaIok4NkT9D48tSaa3z3mfGbjFPIQMk2R9i89wwxH1mKslpGkB7nHUZr9hRILnYNjqzM1Mdt66/MxzyZYuML7PsMAanru5Y30mF0mcxg1BwLI2JOMfGx7+TOOHQITdEhqSnsF0WfeL/t0pqVz2kaVnVxnPM6p9qMsNFkjyhHBkHKHx2k4JgaWDoawweBjRpqG3tsrn4Tp1x6GbylhGmDBX2ORtmBAjUb9ec/58ggM9LRNX3zO5NKmJcw5L81dCPj8lTVFjWLQ4qTq2S1 root@ubuntu-xenial
-----END SSH HOST KEY KEYS-----
[   64.901756] cloud-init[1651]: Cloud-init v. 19.4-33-gbb4131a2-0ubuntu1~16.04.1 running 'modules:final' at Mon, 29 Jun 2020 15:58:49 +0000. Up 64.12 seconds.
[   64.902476] cloud-init[1651]: ci-info: no authorized SSH keys fingerprints found for user ubuntu.
[   64.904246] cloud-init[1651]: Cloud-init v. 19.4-33-gbb4131a2-0ubuntu1~16.04.1 finished at Mon, 29 Jun 2020 15:58:49 +0000. Datasource DataSourceNoCloud [seed=/dev/sdb][dsmode=net].  Up 64.81 seconds
